var @this as this

$start
  @o := new Foo
  @a := field Foo.intField @o as I
  @b := @a
  @c := 23
  field Foo.intField @o := @c as I
  @d := @c
  return