var @this as this

$start
  @o := new Foo
  @p := new Foo
  @q := invokeStatic `Foo.getFoo()LFoo;`
  @a := field Foo.intField @o as I
  @b := field Foo.intField @p as I
  @c := field Foo.intField @q as I
  @v := 23
  field Foo.intField @q := @v as I
  @a1 := field Foo.intField @o as I
  @b1 := field Foo.intField @p as I
  @c1 := @v
  return